// Jest Snapshot v1, https://goo.gl/fbAQLP

exports[`Tests in Select component Should render the component 1`] = `
<DocumentFragment>
  <div
    class="select"
  >
    <label
      for="test"
    >
      Test
    </label>
    <div
      class="input_select"
    >
      <div>
        <svg
          class="tabler-icon tabler-icon-chevron-down chevron  "
          fill="none"
          height="24"
          stroke="currentColor"
          stroke-linecap="round"
          stroke-linejoin="round"
          stroke-width="2"
          viewBox="0 0 24 24"
          width="24"
          xmlns="http://www.w3.org/2000/svg"
        >
          <path
            d="M6 9l6 6l6 -6"
          />
        </svg>
        <input
          class="selectTrigger"
          id="test"
          readonly=""
          role="textfield"
          tabindex="0"
          type="text"
          value=""
        />
      </div>
    </div>
  </div>
</DocumentFragment>
`;
